/home/mncgpu4/.local/lib/python3.8/site-packages/sklearn/base.py:348: InconsistentVersionWarning: Trying to unpickle estimator DecisionTreeClassifier from version 1.3.0 when using version 1.3.2. This might lead to breaking code or invalid results. Use at your own risk. For more info please refer to:
https://scikit-learn.org/stable/model_persistence.html#security-maintainability-limitations
  warnings.warn(
/home/mncgpu4/.local/lib/python3.8/site-packages/sklearn/base.py:348: InconsistentVersionWarning: Trying to unpickle estimator DecisionTreeClassifier from version 1.3.0 when using version 1.3.2. This might lead to breaking code or invalid results. Use at your own risk. For more info please refer to:
https://scikit-learn.org/stable/model_persistence.html#security-maintainability-limitations
  warnings.warn(
/home/mncgpu4/.local/lib/python3.8/site-packages/sklearn/base.py:348: InconsistentVersionWarning: Trying to unpickle estimator DecisionTreeClassifier from version 1.3.0 when using version 1.3.2. This might lead to breaking code or invalid results. Use at your own risk. For more info please refer to:
https://scikit-learn.org/stable/model_persistence.html#security-maintainability-limitations
  warnings.warn(
/home/mncgpu4/.local/lib/python3.8/site-packages/sklearn/base.py:348: InconsistentVersionWarning: Trying to unpickle estimator DecisionTreeClassifier from version 1.3.0 when using version 1.3.2. This might lead to breaking code or invalid results. Use at your own risk. For more info please refer to:
https://scikit-learn.org/stable/model_persistence.html#security-maintainability-limitations
  warnings.warn(
/home/mncgpu4/.local/lib/python3.8/site-packages/sklearn/base.py:348: InconsistentVersionWarning: Trying to unpickle estimator DecisionTreeClassifier from version 1.3.0 when using version 1.3.2. This might lead to breaking code or invalid results. Use at your own risk. For more info please refer to:
https://scikit-learn.org/stable/model_persistence.html#security-maintainability-limitations
  warnings.warn(
/home/mncgpu4/.local/lib/python3.8/site-packages/sklearn/base.py:348: InconsistentVersionWarning: Trying to unpickle estimator DecisionTreeClassifier from version 1.3.0 when using version 1.3.2. This might lead to breaking code or invalid results. Use at your own risk. For more info please refer to:
https://scikit-learn.org/stable/model_persistence.html#security-maintainability-limitations
  warnings.warn(
root: /home/mncgpu4/COMPACT/hwimo_bmv2_top030
input: /home/mncgpu4/COMPACT/hwimo_bmv2_top030/data/test_input_153.txt
all rows: 59502
start_idx: 41651
n_test: 17851
====================================================================================================
PROGRAM: Hwimo_top030_proposed
cluster_1                suffix=1               tasks=[1] entries=50 nodes=99 depth=10
  selected_global: [28, 30, 31, 33, 35, 36, 40, 41, 43, 44, 45, 49, 52, 54, 55, 60, 61, 65, 66, 75, 81, 86, 96, 99, 110, 113, 151, 154, 158, 168]
  selected_compact: [28, 30, 31, 33, 35, 36, 40, 41, 43, 44, 45, 49, 52, 54, 55, 60, 61, 65, 66, 75, 81, 86, 96, 99, 110, 113, 135, 138, 142, 152]
  p4_bits: [124, 122, 121, 119, 117, 116, 112, 111, 109, 108, 107, 103, 100, 98, 97, 92, 91, 87, 86, 77, 71, 66, 56, 53, 42, 39, 17, 14, 10, 0]
cluster_2                suffix=2               tasks=[2] entries=56 nodes=111 depth=11
  selected_global: [11, 22, 24, 27, 28, 29, 33, 44, 46, 53, 54, 55, 63, 65, 70, 72, 74, 75, 81, 84, 85, 96, 97, 101, 106, 145, 148, 151, 153, 164]
  selected_compact: [11, 22, 24, 27, 28, 29, 33, 44, 46, 53, 54, 55, 63, 65, 70, 72, 74, 75, 81, 84, 85, 96, 97, 101, 106, 129, 132, 135, 137, 148]
  p4_bits: [141, 130, 128, 125, 124, 123, 119, 108, 106, 99, 98, 97, 89, 87, 82, 80, 78, 77, 71, 68, 67, 56, 55, 51, 46, 23, 20, 17, 15, 4]
cluster_3                suffix=3               tasks=[3] entries=282 nodes=563 depth=15
  selected_global: [23, 32, 33, 35, 37, 38, 40, 43, 51, 54, 55, 57, 67, 68, 69, 72, 75, 80, 81, 83, 84, 85, 86, 87, 100, 103, 114, 143, 145, 154]
  selected_compact: [23, 32, 33, 35, 37, 38, 40, 43, 51, 54, 55, 57, 67, 68, 69, 72, 75, 80, 81, 83, 84, 85, 86, 87, 100, 103, 114, 127, 129, 138]
  p4_bits: [129, 120, 119, 117, 115, 114, 112, 109, 101, 98, 97, 95, 85, 84, 83, 80, 77, 72, 71, 69, 68, 67, 66, 65, 52, 49, 38, 25, 23, 14]
cluster_4                suffix=4               tasks=[4] entries=380 nodes=759 depth=15
  selected_global: [22, 25, 27, 32, 34, 35, 37, 44, 46, 48, 49, 51, 53, 57, 59, 60, 63, 69, 76, 83, 84, 93, 98, 100, 105, 109, 113, 114, 119, 143]
  selected_compact: [22, 25, 27, 32, 34, 35, 37, 44, 46, 48, 49, 51, 53, 57, 59, 60, 63, 69, 76, 83, 84, 93, 98, 100, 105, 109, 113, 114, 119, 127]
  p4_bits: [130, 127, 125, 120, 118, 117, 115, 108, 106, 104, 103, 101, 99, 95, 93, 92, 89, 83, 76, 69, 68, 59, 54, 52, 47, 43, 39, 38, 33, 25]
cluster_5_6_7            suffix=5_6_7           tasks=[5, 6, 7] entries=1468 nodes=2935 depth=15
  selected_global: [5, 23, 25, 29, 30, 31, 33, 35, 36, 48, 52, 55, 67, 69, 71, 80, 84, 87, 93, 97, 98, 107, 109, 111, 113, 114, 119, 162, 165, 166]
  selected_compact: [5, 23, 25, 29, 30, 31, 33, 35, 36, 48, 52, 55, 67, 69, 71, 80, 84, 87, 93, 97, 98, 107, 109, 111, 113, 114, 119, 146, 149, 150]
  p4_bits: [147, 129, 127, 123, 122, 121, 119, 117, 116, 104, 100, 97, 85, 83, 81, 72, 68, 65, 59, 55, 54, 45, 43, 41, 39, 38, 33, 6, 3, 2]
=== rule self-check: Hwimo_top030_proposed ===
cluster_1                entries=   50 mismatches=0
cluster_2                entries=   56 mismatches=0
cluster_3                entries=  282 mismatches=0
cluster_4                entries=  380 mismatches=0
cluster_5_6_7            entries= 1468 mismatches=0
commands: /home/mncgpu4/COMPACT/hwimo_bmv2_top030/commands/Hwimo_top030_proposed_commands.txt
p4: /home/mncgpu4/COMPACT/hwimo_bmv2_top030/p4/hwimo_top030_proposed_bmv2.p4
expected: /home/mncgpu4/COMPACT/hwimo_bmv2_top030/expected/expected_Hwimo_top030_proposed.csv
macro accuracy: 82.8709%
====================================================================================================
PROGRAM: Hwimo_top030_mtl_all
cluster_1_2_3_4_5_6_7    suffix=1_2_3_4_5_6_7   tasks=[1, 2, 3, 4, 5, 6, 7] entries=1180 nodes=2359 depth=15
  selected_global: [5, 23, 27, 31, 33, 35, 43, 44, 48, 51, 54, 55, 67, 69, 75, 80, 83, 84, 86, 87, 97, 98, 100, 109, 111, 113, 114, 119, 143, 162]
  selected_compact: [5, 23, 27, 31, 33, 35, 43, 44, 48, 51, 54, 55, 67, 69, 75, 80, 83, 84, 86, 87, 97, 98, 100, 109, 111, 113, 114, 119, 127, 146]
  p4_bits: [147, 129, 125, 121, 119, 117, 109, 108, 104, 101, 98, 97, 85, 83, 77, 72, 69, 68, 66, 65, 55, 54, 52, 43, 41, 39, 38, 33, 25, 6]
=== rule self-check: Hwimo_top030_mtl_all ===
cluster_1_2_3_4_5_6_7    entries= 1180 mismatches=0
commands: /home/mncgpu4/COMPACT/hwimo_bmv2_top030/commands/Hwimo_top030_mtl_all_commands.txt
p4: /home/mncgpu4/COMPACT/hwimo_bmv2_top030/p4/hwimo_top030_mtl_all_bmv2.p4
expected: /home/mncgpu4/COMPACT/hwimo_bmv2_top030/expected/expected_Hwimo_top030_mtl_all.csv
macro accuracy: 82.7469%
====================================================================================================
[DONE]
Hwimo_top030_proposed
  entries: 2236
  macro accuracy: 82.8709%
  p4: /home/mncgpu4/COMPACT/hwimo_bmv2_top030/p4/hwimo_top030_proposed_bmv2.p4
  commands: /home/mncgpu4/COMPACT/hwimo_bmv2_top030/commands/Hwimo_top030_proposed_commands.txt
  expected: /home/mncgpu4/COMPACT/hwimo_bmv2_top030/expected/expected_Hwimo_top030_proposed.csv
Hwimo_top030_mtl_all
  entries: 1180
  macro accuracy: 82.7469%
  p4: /home/mncgpu4/COMPACT/hwimo_bmv2_top030/p4/hwimo_top030_mtl_all_bmv2.p4
  commands: /home/mncgpu4/COMPACT/hwimo_bmv2_top030/commands/Hwimo_top030_mtl_all_commands.txt
  expected: /home/mncgpu4/COMPACT/hwimo_bmv2_top030/expected/expected_Hwimo_top030_mtl_all.csv
