/home/mncgpu4/.local/lib/python3.8/site-packages/sklearn/base.py:348: InconsistentVersionWarning: Trying to unpickle estimator DecisionTreeClassifier from version 1.3.0 when using version 1.3.2. This might lead to breaking code or invalid results. Use at your own risk. For more info please refer to:
https://scikit-learn.org/stable/model_persistence.html#security-maintainability-limitations
  warnings.warn(
root: /home/mncgpu4/COMPACT/hwimo_bmv2_top030
input: /home/mncgpu4/COMPACT/hwimo_bmv2_top030/data/test_input_153.txt
all rows: 59502
start_idx: 41651
n_test: 17851
====================================================================================================
PROGRAM: Hwimo_low030_mtl_all
low_030_mtl_all          suffix=1_2_3_4_5_6_7   tasks=[1, 2, 3, 4, 5, 6, 7] entries=875 nodes=1749 depth=15
  selected_global: [0, 1, 2, 3, 4, 6, 8, 10, 13, 14, 15, 16, 17, 18, 20, 21, 26, 56, 120, 121, 123, 124, 125, 147, 148, 149, 150, 152, 155, 159]
  selected_compact: [0, 1, 2, 3, 4, 6, 8, 10, 13, 14, 15, 16, 17, 18, 20, 21, 26, 56, 120, 121, 123, 124, 125, 131, 132, 133, 134, 136, 139, 143]
  p4_bits: [152, 151, 150, 149, 148, 146, 144, 142, 139, 138, 137, 136, 135, 134, 132, 131, 126, 96, 32, 31, 29, 28, 27, 21, 20, 19, 18, 16, 13, 9]
=== rule self-check: Hwimo_low030_mtl_all ===
low_030_mtl_all          entries=  875 mismatches=0
commands: /home/mncgpu4/COMPACT/hwimo_bmv2_top030/commands/Hwimo_low030_mtl_all_commands.txt
p4: /home/mncgpu4/COMPACT/hwimo_bmv2_top030/p4/hwimo_low030_mtl_all_bmv2.p4
expected: /home/mncgpu4/COMPACT/hwimo_bmv2_top030/expected/expected_Hwimo_low030_mtl_all.csv
macro accuracy: 74.3936%
====================================================================================================
[DONE]
Hwimo_low030_mtl_all
  entries: 875
  macro accuracy: 74.3936%
  p4: /home/mncgpu4/COMPACT/hwimo_bmv2_top030/p4/hwimo_low030_mtl_all_bmv2.p4
  commands: /home/mncgpu4/COMPACT/hwimo_bmv2_top030/commands/Hwimo_low030_mtl_all_commands.txt
  expected: /home/mncgpu4/COMPACT/hwimo_bmv2_top030/expected/expected_Hwimo_low030_mtl_all.csv
